******************************************************************************
               TMS320C6x Linker PC v7.4.18                     
******************************************************************************
>> Linked Thu Oct 17 10:53:18 2019

OUTPUT FILE NAME:   <TP2_FIR_Algo2.out>
ENTRY POINT SYMBOL: "_c_int00"  address: 00002300


MEMORY CONFIGURATION

         name            origin    length      used     unused   attr    fill
----------------------  --------  ---------  --------  --------  ----  --------
  IVECS                 00000000   00000220  00000200  00000020  RWIX
  IRAM                  00000220   0002bde0  00002da6  0002903a  RWIX
  DATA_C                0002c000   00004000  00000000  00004000  RWIX
  SDRAM                 80000000   00100000  00000000  00100000  RWIX
  FLASH                 90000000   00020000  00000000  00020000  RWIX


SECTION ALLOCATION MAP

 output                                  attributes/
section   page    origin      length       input sections
--------  ----  ----------  ----------   ----------------
.vecs      0    00000000    00000200     
                  00000000    00000200     Vectors_intr.obj (.vecs)

.bss       0    00000220    00000000     UNINITIALIZED

.text      0    00000220    000023a0     
                  00000220    000007a0     c6713dskinit.obj (.text)
                  000009c0    00000480     dsk6713bsl.lib : dsk6713.obj (.text)
                  00000e40    00000320                    : dsk6713_aic23_opencodec.obj (.text)
                  00001160    000002a0     main.obj (.text:retain)
                  00001400    00000240     rts6700.lib : memcpy62.obj (.text:_memcpy)
                  00001640    000001c0     csl6713.lib : csl_irq.obj (.text:_IRQ_map)
                  00001800    000001a0                 : csl_mcbsp.obj (.text:_MCBSP_reset)
                  000019a0    00000160     dsk6713bsl.lib : dsk6713_aic23_registers.obj (.text)
                  00001b00    00000100     csl6713.lib : csl_mcbsp.obj (.text:_MCBSP_open)
                  00001c00    00000100                 : csl_mcbsp.obj (.text:_MCBSP_start)
                  00001d00    00000100     rts6700.lib : autoinit.obj (.text:__auto_init)
                  00001e00    000000e0                 : strasg.obj (.text:__strasg)
                  00001ee0    000000e0                 : exit.obj (.text:_exit)
                  00001fc0    000000c0                 : cpy_tbl.obj (.text:_copy_in)
                  00002080    000000c0     dsk6713bsl.lib : dsk6713_aic23_setfreq.obj (.text)
                  00002140    000000a0     csl6713.lib : csl_mcbsp.obj (.text:_MCBSP_config)
                  000021e0    000000a0                 : csl_irq.obj (.text:_setMux)
                  00002280    00000080     rts6700.lib : cpp_init.obj (.text:___TI_cpp_init)
                  00002300    00000080                 : boot.obj (.text:_c_int00)
                  00002380    00000040     csl6713.lib : csl_irq.obj (.text:_IRQ_enable)
                  000023c0    00000040                 : csl_irq.obj (.text:_IRQ_reset)
                  00002400    00000040     rts6700.lib : args_main.obj (.text:__args_main)
                  00002440    00000020     Vectors_intr.obj (.text)
                  00002460    00000020     csl6713.lib : csl_irq.obj (.text:_IRQ_globalDisable)
                  00002480    00000020                 : csl_irq.obj (.text:_IRQ_globalEnable)
                  000024a0    00000020                 : csl_irq.obj (.text:_IRQ_nmiEnable)
                  000024c0    00000020                 : csl_mcbsp.obj (.text:_MCBSP_getXmtEventId)
                  000024e0    00000020                 : csl_mcbsp.obj (.text:_MCBSP_read)
                  00002500    00000020                 : csl_mcbsp.obj (.text:_MCBSP_rrdy)
                  00002520    00000020                 : csl_mcbsp.obj (.text:_MCBSP_write)
                  00002540    00000020                 : csl_mcbsp.obj (.text:_MCBSP_xrdy)
                  00002560    00000020     rts6700.lib : exit.obj (.text:_abort)
                  00002580    00000020     csl6713.lib : csl_irq.obj (.text)
                  000025a0    00000020     main.obj (.text)

.far       0    000025c0    000004f2     UNINITIALIZED
                  000025c0    00000310     main.obj (.far)
                  000028d0    000000f4     csl6713.lib : csl_irq.obj (.far)
                  000029c4    00000058     c6713dskinit.obj (.far)
                  00002a1c    00000038     csl6713.lib : csl_mcbsp.obj (.far)
                  00002a54    00000028     dsk6713bsl.lib : dsk6713_aic23_registers.obj (.far)
                  00002a7c    00000020                    : dsk6713_aic23_setfreq.obj (.far)
                  00002a9c    0000000c     rts6700.lib : exit.obj (.far)
                  00002aa8    00000008     dsk6713bsl.lib : dsk6713_aic23_opencodec.obj (.far)
                  00002ab0    00000002                    : dsk6713.obj (.far)

.cinit     0    00002ab8    000003b4     
                  00002ab8    00000142     main.obj (.cinit)
                  00002bfa    00000006     --HOLE-- [fill = 0]
                  00002c00    0000012c     csl6713.lib : csl_irq.obj (.cinit)
                  00002d2c    00000004     --HOLE-- [fill = 0]
                  00002d30    00000058     c6713dskinit.obj (.cinit)
                  00002d88    00000054     csl6713.lib : csl_mcbsp.obj (.cinit)
                  00002ddc    00000004     --HOLE-- [fill = 0]
                  00002de0    00000030     dsk6713bsl.lib : dsk6713_aic23_registers.obj (.cinit)
                  00002e10    0000002c     rts6700.lib : exit.obj (.cinit)
                  00002e3c    00000004     --HOLE-- [fill = 0]
                  00002e40    00000028     dsk6713bsl.lib : dsk6713_aic23_setfreq.obj (.cinit)
                  00002e68    00000004     --HOLE-- [fill = 0]

.stack     0    00002e70    00000100     UNINITIALIZED
                  00002e70    00000008     rts6700.lib : boot.obj (.stack)
                  00002e78    000000f8     --HOLE--

.const     0    00002f70    00000060     
                  00002f70    00000040     dsk6713bsl.lib : dsk6713_aic23_opencodec.obj (.const)
                  00002fb0    00000020                    : dsk6713.obj (.const)


GLOBAL SYMBOLS: SORTED ALPHABETICALLY BY Name 

address    name
--------   ----
00000220   $bss
00000220   .bss
00000220   .text
00002560   C$$EXIT
000029d0   _AIC23CfgData
000029c4   _AIC_data
00002aa8   _DSK6713_AIC23_codeccontrolhandle
00002aac   _DSK6713_AIC23_codecdatahandle
00001a60   _DSK6713_AIC23_config
00000e40   _DSK6713_AIC23_openCodec
00001a3c   _DSK6713_AIC23_rget
000019a0   _DSK6713_AIC23_rset
00002080   _DSK6713_AIC23_setFreq
00000dd4   _DSK6713_getVersion
00000a0c   _DSK6713_init
00000d28   _DSK6713_rget
00000d3c   _DSK6713_rset
00002ab0   _DSK6713_version
00000d50   _DSK6713_wait
00000da8   _DSK6713_waitusec
00002380   _IRQ_enable
00002460   _IRQ_globalDisable
00002480   _IRQ_globalEnable
00001640   _IRQ_map
000024a0   _IRQ_nmiEnable
000023c0   _IRQ_reset
00002140   _MCBSP_config
000024c0   _MCBSP_getXmtEventId
00001b00   _MCBSP_open
000024e0   _MCBSP_read
00001800   _MCBSP_reset
00002500   _MCBSP_rrdy
00001c00   _MCBSP_start
00002520   _MCBSP_write
00002540   _MCBSP_xrdy
000028c8   _Xn
000026c4   _XnBuffer
000028ca   _Yn
000027c8   _YnBuffer
000029bc   __IRQ_dispatchTable
000028f8   __IRQ_eventTable
00002580   __IRQ_hookFetchPacket
0000297c   __IRQ_intTable
00002a4c   __MCBSP_hDev0
00002a50   __MCBSP_hDev1
00002f70   __STACK_END
00000100   __STACK_SIZE
00000001   __TI_args_main
00002280   ___TI_cpp_init
00002aa4   ___TI_enable_exit_profile_output
ffffffff   ___TI_pprof_out_hndl
ffffffff   ___TI_prof_data_size
ffffffff   ___TI_prof_data_start
ffffffff   ___binit__
00000220   ___bss__
ffffffff   ___c_args__
00002ab8   ___cinit__
00000220   ___end__
000025c0   ___etext__
ffffffff   ___pinit__
00000220   ___text__
00002400   __args_main
00001d00   __auto_init
00002a9c   __cleanup_ptr
00002aa0   __dtors_ptr
00002e70   __stack
00001e00   __strasg
00002560   _abort
00000220   _c6713_dsk_init
00002300   _c_int00
00001160   _c_int11
00000318   _comm_intr
000002e4   _comm_poll
000029f0   _config
00001fc0   _copy_in
00001ee0   _exit
000026c0   _fs
000025c0   _h
00002a18   _hAIC23_handle
000028cc   _i
00000820   _input_left_sample
000008e8   _input_right_sample
0000071c   _input_sample
000028ce   _j
000025a0   _main
00001400   _memcpy
0000055c   _output_left_sample
0000063c   _output_right_sample
00000444   _output_sample
00000020   _vector1
00000140   _vector10
00000180   _vector12
000001a0   _vector13
000001c0   _vector14
000001e0   _vector15
00000040   _vector2
00000060   _vector3
00000080   _vector4
000000a0   _vector5
000000c0   _vector6
000000e0   _vector7
00000100   _vector8
00000120   _vector9
00000000   _vectors
ffffffff   binit
00002ab8   cinit
00000220   end
000025c0   etext
ffffffff   pinit


GLOBAL SYMBOLS: SORTED BY Symbol Address 

address    name
--------   ----
00000000   _vectors
00000001   __TI_args_main
00000020   _vector1
00000040   _vector2
00000060   _vector3
00000080   _vector4
000000a0   _vector5
000000c0   _vector6
000000e0   _vector7
00000100   __STACK_SIZE
00000100   _vector8
00000120   _vector9
00000140   _vector10
00000180   _vector12
000001a0   _vector13
000001c0   _vector14
000001e0   _vector15
00000220   $bss
00000220   .bss
00000220   .text
00000220   ___bss__
00000220   ___end__
00000220   ___text__
00000220   _c6713_dsk_init
00000220   end
000002e4   _comm_poll
00000318   _comm_intr
00000444   _output_sample
0000055c   _output_left_sample
0000063c   _output_right_sample
0000071c   _input_sample
00000820   _input_left_sample
000008e8   _input_right_sample
00000a0c   _DSK6713_init
00000d28   _DSK6713_rget
00000d3c   _DSK6713_rset
00000d50   _DSK6713_wait
00000da8   _DSK6713_waitusec
00000dd4   _DSK6713_getVersion
00000e40   _DSK6713_AIC23_openCodec
00001160   _c_int11
00001400   _memcpy
00001640   _IRQ_map
00001800   _MCBSP_reset
000019a0   _DSK6713_AIC23_rset
00001a3c   _DSK6713_AIC23_rget
00001a60   _DSK6713_AIC23_config
00001b00   _MCBSP_open
00001c00   _MCBSP_start
00001d00   __auto_init
00001e00   __strasg
00001ee0   _exit
00001fc0   _copy_in
00002080   _DSK6713_AIC23_setFreq
00002140   _MCBSP_config
00002280   ___TI_cpp_init
00002300   _c_int00
00002380   _IRQ_enable
000023c0   _IRQ_reset
00002400   __args_main
00002460   _IRQ_globalDisable
00002480   _IRQ_globalEnable
000024a0   _IRQ_nmiEnable
000024c0   _MCBSP_getXmtEventId
000024e0   _MCBSP_read
00002500   _MCBSP_rrdy
00002520   _MCBSP_write
00002540   _MCBSP_xrdy
00002560   C$$EXIT
00002560   _abort
00002580   __IRQ_hookFetchPacket
000025a0   _main
000025c0   ___etext__
000025c0   _h
000025c0   etext
000026c0   _fs
000026c4   _XnBuffer
000027c8   _YnBuffer
000028c8   _Xn
000028ca   _Yn
000028cc   _i
000028ce   _j
000028f8   __IRQ_eventTable
0000297c   __IRQ_intTable
000029bc   __IRQ_dispatchTable
000029c4   _AIC_data
000029d0   _AIC23CfgData
000029f0   _config
00002a18   _hAIC23_handle
00002a4c   __MCBSP_hDev0
00002a50   __MCBSP_hDev1
00002a9c   __cleanup_ptr
00002aa0   __dtors_ptr
00002aa4   ___TI_enable_exit_profile_output
00002aa8   _DSK6713_AIC23_codeccontrolhandle
00002aac   _DSK6713_AIC23_codecdatahandle
00002ab0   _DSK6713_version
00002ab8   ___cinit__
00002ab8   cinit
00002e70   __stack
00002f70   __STACK_END
ffffffff   ___TI_pprof_out_hndl
ffffffff   ___TI_prof_data_size
ffffffff   ___TI_prof_data_start
ffffffff   ___binit__
ffffffff   ___c_args__
ffffffff   ___pinit__
ffffffff   binit
ffffffff   pinit

[109 symbols]
