******************************************************************************
               TMS320C6x Linker PC v7.4.18                     
******************************************************************************
>> Linked Thu Oct 17 10:25:43 2019

OUTPUT FILE NAME:   <TP2_FIR_Algo1.out>
ENTRY POINT SYMBOL: "_c_int00"  address: 00002360


MEMORY CONFIGURATION

         name            origin    length      used     unused   attr    fill
----------------------  --------  ---------  --------  --------  ----  --------
  IVECS                 00000000   00000220  00000200  00000020  RWIX
  IRAM                  00000220   0002bde0  00002e02  00028fde  RWIX
  DATA_C                0002c000   00004000  00000000  00004000  RWIX
  SDRAM                 80000000   00100000  00000000  00100000  RWIX
  FLASH                 90000000   00020000  00000000  00020000  RWIX


SECTION ALLOCATION MAP

 output                                  attributes/
section   page    origin      length       input sections
--------  ----  ----------  ----------   ----------------
.vecs      0    00000000    00000200     
                  00000000    00000200     Vectors_intr.obj (.vecs)

.bss       0    00000220    00000000     UNINITIALIZED

.text      0    00000220    00002400     
                  00000220    000007a0     c6713dskinit.obj (.text)
                  000009c0    00000480     dsk6713bsl.lib : dsk6713.obj (.text)
                  00000e40    00000320                    : dsk6713_aic23_opencodec.obj (.text)
                  00001160    00000300     main.obj (.text:retain)
                  00001460    00000240     rts6700.lib : memcpy62.obj (.text:_memcpy)
                  000016a0    000001c0     csl6713.lib : csl_irq.obj (.text:_IRQ_map)
                  00001860    000001a0                 : csl_mcbsp.obj (.text:_MCBSP_reset)
                  00001a00    00000160     dsk6713bsl.lib : dsk6713_aic23_registers.obj (.text)
                  00001b60    00000100     csl6713.lib : csl_mcbsp.obj (.text:_MCBSP_open)
                  00001c60    00000100                 : csl_mcbsp.obj (.text:_MCBSP_start)
                  00001d60    00000100     rts6700.lib : autoinit.obj (.text:__auto_init)
                  00001e60    000000e0                 : strasg.obj (.text:__strasg)
                  00001f40    000000e0                 : exit.obj (.text:_exit)
                  00002020    000000c0                 : cpy_tbl.obj (.text:_copy_in)
                  000020e0    000000c0     dsk6713bsl.lib : dsk6713_aic23_setfreq.obj (.text)
                  000021a0    000000a0     csl6713.lib : csl_mcbsp.obj (.text:_MCBSP_config)
                  00002240    000000a0                 : csl_irq.obj (.text:_setMux)
                  000022e0    00000080     rts6700.lib : cpp_init.obj (.text:___TI_cpp_init)
                  00002360    00000080                 : boot.obj (.text:_c_int00)
                  000023e0    00000040     csl6713.lib : csl_irq.obj (.text:_IRQ_enable)
                  00002420    00000040                 : csl_irq.obj (.text:_IRQ_reset)
                  00002460    00000040     rts6700.lib : args_main.obj (.text:__args_main)
                  000024a0    00000020     Vectors_intr.obj (.text)
                  000024c0    00000020     csl6713.lib : csl_irq.obj (.text:_IRQ_globalDisable)
                  000024e0    00000020                 : csl_irq.obj (.text:_IRQ_globalEnable)
                  00002500    00000020                 : csl_irq.obj (.text:_IRQ_nmiEnable)
                  00002520    00000020                 : csl_mcbsp.obj (.text:_MCBSP_getXmtEventId)
                  00002540    00000020                 : csl_mcbsp.obj (.text:_MCBSP_read)
                  00002560    00000020                 : csl_mcbsp.obj (.text:_MCBSP_rrdy)
                  00002580    00000020                 : csl_mcbsp.obj (.text:_MCBSP_write)
                  000025a0    00000020                 : csl_mcbsp.obj (.text:_MCBSP_xrdy)
                  000025c0    00000020     rts6700.lib : exit.obj (.text:_abort)
                  000025e0    00000020     csl6713.lib : csl_irq.obj (.text)
                  00002600    00000020     main.obj (.text)

.far       0    00002620    000004ee     UNINITIALIZED
                  00002620    0000030c     main.obj (.far)
                  0000292c    000000f4     csl6713.lib : csl_irq.obj (.far)
                  00002a20    00000058     c6713dskinit.obj (.far)
                  00002a78    00000038     csl6713.lib : csl_mcbsp.obj (.far)
                  00002ab0    00000028     dsk6713bsl.lib : dsk6713_aic23_registers.obj (.far)
                  00002ad8    00000020                    : dsk6713_aic23_setfreq.obj (.far)
                  00002af8    0000000c     rts6700.lib : exit.obj (.far)
                  00002b04    00000008     dsk6713bsl.lib : dsk6713_aic23_opencodec.obj (.far)
                  00002b0c    00000002                    : dsk6713.obj (.far)

.cinit     0    00002b10    000003b4     
                  00002b10    00000142     main.obj (.cinit)
                  00002c52    00000006     --HOLE-- [fill = 0]
                  00002c58    0000012c     csl6713.lib : csl_irq.obj (.cinit)
                  00002d84    00000004     --HOLE-- [fill = 0]
                  00002d88    00000058     c6713dskinit.obj (.cinit)
                  00002de0    00000054     csl6713.lib : csl_mcbsp.obj (.cinit)
                  00002e34    00000004     --HOLE-- [fill = 0]
                  00002e38    00000030     dsk6713bsl.lib : dsk6713_aic23_registers.obj (.cinit)
                  00002e68    0000002c     rts6700.lib : exit.obj (.cinit)
                  00002e94    00000004     --HOLE-- [fill = 0]
                  00002e98    00000028     dsk6713bsl.lib : dsk6713_aic23_setfreq.obj (.cinit)
                  00002ec0    00000004     --HOLE-- [fill = 0]

.stack     0    00002ec8    00000100     UNINITIALIZED
                  00002ec8    00000008     rts6700.lib : boot.obj (.stack)
                  00002ed0    000000f8     --HOLE--

.const     0    00002fc8    00000060     
                  00002fc8    00000040     dsk6713bsl.lib : dsk6713_aic23_opencodec.obj (.const)
                  00003008    00000020                    : dsk6713.obj (.const)


GLOBAL SYMBOLS: SORTED ALPHABETICALLY BY Name 

address    name
--------   ----
00000220   $bss
00000220   .bss
00000220   .text
000025c0   C$$EXIT
00002a2c   _AIC23CfgData
00002a20   _AIC_data
00002b04   _DSK6713_AIC23_codeccontrolhandle
00002b08   _DSK6713_AIC23_codecdatahandle
00001ac0   _DSK6713_AIC23_config
00000e40   _DSK6713_AIC23_openCodec
00001a9c   _DSK6713_AIC23_rget
00001a00   _DSK6713_AIC23_rset
000020e0   _DSK6713_AIC23_setFreq
00000dd4   _DSK6713_getVersion
00000a0c   _DSK6713_init
00000d28   _DSK6713_rget
00000d3c   _DSK6713_rset
00002b0c   _DSK6713_version
00000d50   _DSK6713_wait
00000da8   _DSK6713_waitusec
000023e0   _IRQ_enable
000024c0   _IRQ_globalDisable
000024e0   _IRQ_globalEnable
000016a0   _IRQ_map
00002500   _IRQ_nmiEnable
00002420   _IRQ_reset
000021a0   _MCBSP_config
00002520   _MCBSP_getXmtEventId
00001b60   _MCBSP_open
00002540   _MCBSP_read
00001860   _MCBSP_reset
00002560   _MCBSP_rrdy
00001c60   _MCBSP_start
00002580   _MCBSP_write
000025a0   _MCBSP_xrdy
00002924   _Xn
00002724   _XnBuffer
00002926   _Yn
00002824   _YnBuffer
00002a18   __IRQ_dispatchTable
00002954   __IRQ_eventTable
000025e0   __IRQ_hookFetchPacket
000029d8   __IRQ_intTable
00002aa8   __MCBSP_hDev0
00002aac   __MCBSP_hDev1
00002fc8   __STACK_END
00000100   __STACK_SIZE
00000001   __TI_args_main
000022e0   ___TI_cpp_init
00002b00   ___TI_enable_exit_profile_output
ffffffff   ___TI_pprof_out_hndl
ffffffff   ___TI_prof_data_size
ffffffff   ___TI_prof_data_start
ffffffff   ___binit__
00000220   ___bss__
ffffffff   ___c_args__
00002b10   ___cinit__
00000220   ___end__
00002620   ___etext__
ffffffff   ___pinit__
00000220   ___text__
00002460   __args_main
00001d60   __auto_init
00002af8   __cleanup_ptr
00002afc   __dtors_ptr
00002ec8   __stack
00001e60   __strasg
000025c0   _abort
00000220   _c6713_dsk_init
00002360   _c_int00
00001160   _c_int11
00000318   _comm_intr
000002e4   _comm_poll
00002a4c   _config
00002020   _copy_in
00001f40   _exit
00002720   _fs
00002620   _h
00002a74   _hAIC23_handle
00002928   _i
00000820   _input_left_sample
000008e8   _input_right_sample
0000071c   _input_sample
0000292a   _j
00002600   _main
00001460   _memcpy
0000055c   _output_left_sample
0000063c   _output_right_sample
00000444   _output_sample
00000020   _vector1
00000140   _vector10
00000180   _vector12
000001a0   _vector13
000001c0   _vector14
000001e0   _vector15
00000040   _vector2
00000060   _vector3
00000080   _vector4
000000a0   _vector5
000000c0   _vector6
000000e0   _vector7
00000100   _vector8
00000120   _vector9
00000000   _vectors
ffffffff   binit
00002b10   cinit
00000220   end
00002620   etext
ffffffff   pinit


GLOBAL SYMBOLS: SORTED BY Symbol Address 

address    name
--------   ----
00000000   _vectors
00000001   __TI_args_main
00000020   _vector1
00000040   _vector2
00000060   _vector3
00000080   _vector4
000000a0   _vector5
000000c0   _vector6
000000e0   _vector7
00000100   __STACK_SIZE
00000100   _vector8
00000120   _vector9
00000140   _vector10
00000180   _vector12
000001a0   _vector13
000001c0   _vector14
000001e0   _vector15
00000220   $bss
00000220   .bss
00000220   .text
00000220   ___bss__
00000220   ___end__
00000220   ___text__
00000220   _c6713_dsk_init
00000220   end
000002e4   _comm_poll
00000318   _comm_intr
00000444   _output_sample
0000055c   _output_left_sample
0000063c   _output_right_sample
0000071c   _input_sample
00000820   _input_left_sample
000008e8   _input_right_sample
00000a0c   _DSK6713_init
00000d28   _DSK6713_rget
00000d3c   _DSK6713_rset
00000d50   _DSK6713_wait
00000da8   _DSK6713_waitusec
00000dd4   _DSK6713_getVersion
00000e40   _DSK6713_AIC23_openCodec
00001160   _c_int11
00001460   _memcpy
000016a0   _IRQ_map
00001860   _MCBSP_reset
00001a00   _DSK6713_AIC23_rset
00001a9c   _DSK6713_AIC23_rget
00001ac0   _DSK6713_AIC23_config
00001b60   _MCBSP_open
00001c60   _MCBSP_start
00001d60   __auto_init
00001e60   __strasg
00001f40   _exit
00002020   _copy_in
000020e0   _DSK6713_AIC23_setFreq
000021a0   _MCBSP_config
000022e0   ___TI_cpp_init
00002360   _c_int00
000023e0   _IRQ_enable
00002420   _IRQ_reset
00002460   __args_main
000024c0   _IRQ_globalDisable
000024e0   _IRQ_globalEnable
00002500   _IRQ_nmiEnable
00002520   _MCBSP_getXmtEventId
00002540   _MCBSP_read
00002560   _MCBSP_rrdy
00002580   _MCBSP_write
000025a0   _MCBSP_xrdy
000025c0   C$$EXIT
000025c0   _abort
000025e0   __IRQ_hookFetchPacket
00002600   _main
00002620   ___etext__
00002620   _h
00002620   etext
00002720   _fs
00002724   _XnBuffer
00002824   _YnBuffer
00002924   _Xn
00002926   _Yn
00002928   _i
0000292a   _j
00002954   __IRQ_eventTable
000029d8   __IRQ_intTable
00002a18   __IRQ_dispatchTable
00002a20   _AIC_data
00002a2c   _AIC23CfgData
00002a4c   _config
00002a74   _hAIC23_handle
00002aa8   __MCBSP_hDev0
00002aac   __MCBSP_hDev1
00002af8   __cleanup_ptr
00002afc   __dtors_ptr
00002b00   ___TI_enable_exit_profile_output
00002b04   _DSK6713_AIC23_codeccontrolhandle
00002b08   _DSK6713_AIC23_codecdatahandle
00002b0c   _DSK6713_version
00002b10   ___cinit__
00002b10   cinit
00002ec8   __stack
00002fc8   __STACK_END
ffffffff   ___TI_pprof_out_hndl
ffffffff   ___TI_prof_data_size
ffffffff   ___TI_prof_data_start
ffffffff   ___binit__
ffffffff   ___c_args__
ffffffff   ___pinit__
ffffffff   binit
ffffffff   pinit

[109 symbols]
